2025-11-26 13:41:38,790 - INFO - Configuration:
    MODEL_ID: microsoft/Phi-3.5-mini-instruct
    USE_4BIT_QUANTIZATION: True
    MAX_NEW_TOKENS: 512
    
    EMBED_MODEL_ID: nickprock/sentence-bert-base-italian-uncased
    MAX_ITERATIONS: 10
    CHUNK_SIZE: 1024
    CHUNK_OVERLAP: 256
    RETRIEVE_TOP_K: 5
    TEMPERATURE: 0.2
    GENERATE_TOP_K: 40
    GENERATE_TOP_P: 0.8
    REPETITION_PENALITY: 1.1
    
    RAG_SYSTEM_PROMPT: Hai a disposizione documenti relativi al catalogo della Biblioteca Pontaniana di Napoli.
    Usa la funzione "search_documents" una sola volta per cercare informazioni utili.
    Dopo aver usato "search_documents", rispondi immediatamente utilizzando le informazioni trovate.
    Se non hai trovato informazioni rilevanti, rispondi con "Non lo so" e termina la risposta.
    
    CAG_SYSTEM_PROMPT: Rispondi allo User Prompt utilizzando le informazioni che ti sono fornite.
    Se non sono sufficienti a rispondere, rispondi con "Non lo so" e termina la risposta.
    
2025-11-26 13:41:38,790 - INFO - 
================	 Beginning CAG tests... 	================
2025-11-26 13:43:56,255 - INFO - Query:
Quali incunaboli sono stati pubblicati a Venezia e in quali anni?
2025-11-26 13:44:35,424 - INFO - CAG response:
   - Sermones Quadragesimales di Caracciolo Roberto, 1485
    - De orbibus libri Quattuor di Achillini Alessandro, 1498

Risposta dettagliata:
1. "Sermones Quadragesimales" di Caracciolo Roberto è stato pubblicato ad opera di Thomaso de Alexandria a Venezia nel 1485. Questo incunabolo è indicato con il numero 4B1 nell'elenco fornito e contiene sermoni per la Quaresima, organizzati in cicli che coprono le domeniche e i giorni feriali di Quaresima.

2. "De orbibus libri Quattuor" di Achillini Alessandro è stato pubblicato a Bologna ad opera di Benedicti Hectoris nel 1498. Anche se l'edizione è stata pubblicata a Bologna, è indicata con il numero 4B3 nell'elenco fornito. Questa opera sembra trattare argomenti filosofici o scientifici relativi alle sfere celesti o ai concetti astronomici dell'epoca, riflettendo l'interesse rinascimentale per la filosofia e la scienza.

Queste informazioni sono estratte dagli incunaboli elencati, che forniscono dettagli sui loro autori, titoli, pubblicazione, dimensioni, condizione e importanza storica e culturale. I due esempi forniti corrispondono ai criteri di essere pubblicati a Venezia e specifici anni, 1485 e 1498, rispettivamente. Non lo so
2025-11-26 13:44:35,425 - INFO - Time elapsed: 39.169 seconds

2025-11-26 13:44:35,425 - INFO - Query:
Descrivi le caratteristiche fisiche e lo stato di conservazione dell'incunabolo di Caracciolo Roberto (4B1)
2025-11-26 13:45:25,525 - INFO - CAG response:
- Dimensioni: 4°, mm 335 x 236
- Carta di guardia anteriore: Cartulazione a stampa, cifre arabiche nell’angolo inferiore a sinistra del recto
- Carta di guardia posteriore: Etichetta dell’Accademia Pontaniana che segnala la collocazione 4B1 e annotazione manoscritta n° 122
- Dimensione della carta: 4°, mm 295 x 210
- Carta di guardia anteriore: Cartulazione a stampa, cifre romane in alto a destra del recto; le carte 2 e 15 sono numerate erroneamente
- Dimensione della carta: 8°, mm 205x275 (carta a3r)
- Carta di guardia anteriore: Etichetta dell’Accademia Pontaniana con la dicitura 4B4
- Carta di guardia posteriore: Etichetta dell’Accademia Pontaniana con la dicitura 4C1
- Dimensione della carta: 8°, mm 295 x 195 (c. 1r)
- Carta di guardia anteriore: Etichetta dell’Accademia Pontaniana con la dicitura 4C2
- Dimensione della carta: 8°, mm 275 x 205 (carta a3r)
- Carta di guardia anteriore: Etichetta dell’Accademia Pontaniana con la dicitura 4C1
- Dimensione della carta: 4°, mm 335 x 236 (carta r)
- Carta di guardia posteriore: Legatoria A. FIORE Napoli
- Dimensione della carta: 8°, mm 295 x 210 (carta r)
- Carta di guardia anteriore: Legatoria A. FIORE Napoli
- Dimensione della carta: 8°, mm 275 x 205 (carta a3r)
- Condizione: Cop
2025-11-26 13:45:25,525 - INFO - Time elapsed: 50.101 seconds

2025-11-26 13:45:25,526 - INFO - Query:
Confronta le legature e le decorazioni degli incunaboli 4B3 e 4C2
2025-11-26 13:46:09,251 - INFO - CAG response:
L'incunabolo 4B3 ha una legatura in pergamena rigida su piatti di cartone con una carta di guardia anteriore e posteriore, eseguita da Achille Fiore, e presenta una decorazione con spazi capitali vuoti e successive iniziali in inchiostro nero. La condizione è di coperta danneggiata con fori da insetti e strappi, e la carta di guardia anteriore e posteriore è deteriorata lungo il bordo inferiore.

L'incunabolo 4C2 ha una legatura simile in pergamena rigida su piatti di cartone, anch'essa eseguita da Achille Fiore, con una carta di guardia anteriore e posteriore aggiunta. La decorazione include spazi capitali vuoti e successive iniziali in inchiostro nero, e presenta una vignetta calcografica sulla prima pagina. La condizione è di coperta restaurata con interventi occasionali di carta giapponese, in particolare alla carta 169v.

In sintesi, sia l'incunabolo 4B3 che l'incunabolo 4C2 hanno legature e decorazioni simili realizzate con pergamena rigida su piatti di cartone e carta di guardia anteriore e posteriore. Entrambi presentano decorazioni con spazi capitali vuoti e successive iniziali in inchiostro nero, ma l'incunabolo 4C2 ha anche una vignetta calcografica sulla prima pagina e mostra segni di interventi di restauro con carta giapponese. La condizione dell'incunabolo 4C2 è migliore, con una vignetta calcografica e interventi di restauro menzionati, mentre l'incunabolo 4B3 ha fori da insetti e strappi, con la carta di guardia anteriore e posteriore deteriorata lungo il bordo inferiore. I due incunaboli condividono simili tecniche di legatura e decorazioni, con entrambi utilizzando pergamena rig
2025-11-26 13:46:09,251 - INFO - Time elapsed: 43.725 seconds

2025-11-26 13:46:09,252 - INFO - Query:
Quali marche tipografiche sono presenti negli incunaboli della collezione e cosa rappresentano?
2025-11-26 13:46:48,928 - INFO - CAG response:
- Croce latina con traversa orizzontale biforcuta e traversa verticale terminante a forma di Y rovesciata su cerchio quadripartito: Questa è la marca tipografica di un certo stampatore, probabilmente riferita a un'impresa o a una pubblicazione specifica. La forma della croce e le sue parti (traversa orizzontale biforcuta, traversa verticale terminante a forma di Y rovesciata su cerchio quadripartito) suggeriscono un marchio distintivo utilizzato per identificare l'opera di un stampatore o una pubblicazione specifica.
- Doppio cerchio sormontato da una doppia croce con le iniziali Z e T: Questa è un'altra marca tipografica, che potrebbe essere il marchio di un altro stampatore o di una pubblicazione diversa. Le iniziali Z e T all'interno del doppio cerchio potrebbero rappresentare il nome o l'abbreviazione dell'editore o del proprietario del marchio.
- l.it III. usrè buta (C): Questa potrebbe essere un marchio o un'impronta utilizzato dallo stampatore o dal proprietario del marchio, con "l.it III. usrè buta" che potrebbe essere il nome o un codice identificativo.

Risposta: Croce latina con traversa orizzontale biforcuta e traversa verticale terminante a forma di Y rovesciata su cerchio quadripartito e Doppio cerchio sormontato da una doppia croce con le iniziali Z e T. Queste rappresentano marchi tipografici utilizzati per identificare stampatori o pubblicazioni specifiche negli incunaboli della collezione. Le iniziali Z e T all'interno del doppio cerchio potrebbero rappresentare il nome o l'abbreviazione dell'editore o del proprietario del marchio. Sì, le informazioni fornite menzionano due marchi tipografici:

1. Croce latina con traversa orizzontale biforcuta e traversa verticale terminante a forma di Y
2025-11-26 13:46:48,928 - INFO - Time elapsed: 39.676 seconds

2025-11-26 13:46:48,928 - INFO - CAG time for 4 queries: 172.671s, avg: 43.168s


2025-11-26 13:46:48,928 - INFO - 
================	 Beginning RAG tests... 	================
2025-11-26 13:46:52,594 - INFO - Anonymized telemetry enabled. See                     https://docs.trychroma.com/telemetry for more information.
2025-11-26 13:46:53,484 - INFO - HTTP Request: GET http://localhost:8000/api/v2/auth/identity "HTTP/1.1 200 OK"
2025-11-26 13:46:53,497 - INFO - Anonymized telemetry enabled. See                     https://docs.trychroma.com/telemetry for more information.
2025-11-26 13:46:53,990 - INFO - HTTP Request: GET http://localhost:8000/api/v2/tenants/default_tenant "HTTP/1.1 200 OK"
2025-11-26 13:46:53,996 - INFO - HTTP Request: GET http://localhost:8000/api/v2/tenants/default_tenant/databases/default_database "HTTP/1.1 200 OK"
2025-11-26 13:46:54,143 - INFO - HTTP Request: POST http://localhost:8000/api/v2/tenants/default_tenant/databases/default_database/collections "HTTP/1.1 200 OK"
2025-11-26 13:46:54,176 - INFO - Load pretrained SentenceTransformer: nickprock/sentence-bert-base-italian-uncased
2025-11-26 13:47:02,163 - INFO - HTTP Request: GET http://localhost:8000/api/v2/tenants/default_tenant/databases/default_database/collections/6fe5e98e-af7f-4e7f-a82f-863e3d64699d/count "HTTP/1.1 200 OK"
2025-11-26 13:47:02,207 - INFO - Query:
Quali incunaboli sono stati pubblicati a Venezia e in quali anni?
2025-11-26 13:47:32,687 - INFO - HTTP Request: POST http://localhost:8000/api/v2/tenants/default_tenant/databases/default_database/collections/6fe5e98e-af7f-4e7f-a82f-863e3d64699d/query "HTTP/1.1 200 OK"
2025-11-26 13:49:48,942 - INFO - RAG response:
Gli Incunaboli attribuiti all'autore Robert Caracciolo intitolati "Sermones Quadragesimales" sono state pubbicate a Venezia nel 1485 da Thomaso de Alexandria. Le pagine misurano approssimativamente tre centimetri d'altezza e ventisette cm di larghezza. Nonostante siano protetti con materiali moderni come la pelle applicata sugli scaffali realizzati in legno, queste copie mostrano segni di usura tipici degli oggetti storici esposti alle condizioni ambientali meno ideali rispetto ai standard odierni, inclusive i livelli comuni di umidità dannosi per materiale organico simili al utilizzo originario durante l'epoca rinascimentale. Sono parte di un insieme più ampio documentato sistematicamente nell'archivio dell'accademia, indicativo sia cronologicamente vicino ad altre collezioni notevolmente vecchia anch'esse registrate nello stesso periodo contemplato dalla collezione presente. Il tentativo di conserva è evidente attraverso gli ancoramenti precedenti impiegati direttamente contro lo spargimento continuo causato dalle reazioni naturali agli elementi ambiente frequentemente presenti dal momento della loro creazione fino alla data annotata prima citata.
2025-11-26 13:49:48,942 - INFO - Time elapsed: 166.734 seconds

2025-11-26 13:49:48,942 - INFO - Query:
Descrivi le caratteristiche fisiche e lo stato di conservazione dell'incunabolo di Caracciolo Roberto (4B1)
2025-11-26 13:51:19,283 - INFO - RAG response:
Fisical characteristics dell’incunabolo "Sermones Quadragesimales," numero di deposito 4B1, includono dimensioni di pagina coerenti con quelle consueto vedere nelle prime stampe europee, dove ogni pagina presenta altezza equivalente a circa 33.5 millimetri e larghezza di circa 230 millimetri. Rispetto all'aspetto artistico, c'è una costanza impressa di inchiostro nero lungo tutta la linea verticale delle pagine individuali, sottolineando alta cura redazionale associata ai primi tempi di produzione di tali opera. Storicamente, mentre questi volumi hanno goduto di minime difese prodotte artificialmente, ciò contrassegnava essenzialmente strategie salvaguardative praticate anteriormente volta a contrastare possibili rotture conseguenti incidenti accidentali o perdita graduale normale. Oggi rimangono vestigia di quei trattamenti antiusura, particolarmente palpabili lungo margini esterni suscettibili a sfregio chimico provocato da aria contenente microorganismi viventi – fenomeni testimoniandosi ancora significativi fra momenti cruciali di transizione verso nuove tecnologie editioriali. Di fronte a quest'evidenza, emerge innegabile fragilità latente dentro cui confinate pezzi narrativi costruiti finora con media sensibilissimi a variazioni climatiche circostanziali. Così, sebbene privi di innovazioni recenti progettate per migliorare resilienza, restituisce impressionante esempio di patrimonio culturale mantenuto vigoroso malgrado tempo impervio, proprio perché custodito diligentemente secondo protocolli evoluti sin qui sviluppati.
2025-11-26 13:51:19,283 - INFO - Time elapsed: 90.341 seconds

2025-11-26 13:51:19,283 - INFO - Query:
Confronta le legature e le decorazioni degli incunaboli 4B3 e 4C2
2025-11-26 13:59:09,199 - WARNING - Max iterations reached after 469.91575909999665 seconds. Falling back to QueryEngine.
2025-11-26 13:59:09,399 - INFO - HTTP Request: POST http://localhost:8000/api/v2/tenants/default_tenant/databases/default_database/collections/6fe5e98e-af7f-4e7f-a82f-863e3d64699d/query "HTTP/1.1 200 OK"
2025-11-26 14:01:22,081 - INFO - RAG response:

"Confronto tra '4B3', uno dei due citati edizioni antiche delle opere di Achillini Alessandro, pubblicato nel 1498 nella città di Bologna sotto i sigilli distintivi Faelli Benedetto - stamperie locali - Bononia - Orbibus Libris Quarturos, rivela una serie di caratteristiche che possono essere analizzate per evidenziare distinzioni o somiglianze significative rispetto all'altro libro identificato come '4C2'. Entrambi gli esemplari mostrano segni tangibili della loro lunga storia attraverso condizione variabile ma comunque degne di nota: ad esempio, mentre '4B3' mostra fori causati dagli attacchi di insetti e frammenti dovuti alla degradazione col tempo, inclusivo dello strappamento osservato sulla sua copertina verso la fine, ciò contrasta con lo stato più conservativo riscontrato nelle sezioni centrali dove potrebbe esserci meno intervento esterno visibile. La presenza di annotazioni manuali sulle ante indica usi personali passati, suggerendo frequente accessibilità durante epoche precedenti al suo ultimo utilizzo documentato. Le dimensioni fisiche sono paragonabili nei larghi valori misuranti frontalmente ma variano verticalmente, implicando possibili incongruenze minime non esplicitamente quantificate qui. Il linguaggio latino utilizzato rimane costante sia negli scritti interni che esterni, riflettendo influenze culturali radicate nello spirito rinascimentale europeo. I collegamenti storici emergono chiaramente tramite figure note quali Felice Benedicto, imprenditore locale specializzato nella stampa tipografica, e Gian Battista II Bentivogli, figura dominante politico cittadina contemporanea ai tempi di produzione. L'aspetto artistico intellettuale viene ulteriormente approfondito dallo studio dettagliato delle illustrazioni sparse e qualsi0se forme ornamentali incorporate, dimostrando contributo specifiche alle narrazioni visuali associate agli argomenti trattati dentro ogni volumetto. Inoltre, considerare eventuali errori ortografici può offrire intu
2025-11-26 14:01:22,081 - INFO - Time elapsed: 602.798 seconds

2025-11-26 14:01:22,081 - INFO - Query:
Quali marche tipografiche sono presenti negli incunaboli della collezione e cosa rappresentano?
2025-11-26 14:02:09,923 - INFO - HTTP Request: POST http://localhost:8000/api/v2/tenants/default_tenant/databases/default_database/collections/6fe5e98e-af7f-4e7f-a82f-863e3d64699d/query "HTTP/1.1 200 OK"
2025-11-26 14:08:09,332 - INFO - RAG response:
Differentiating aspects related to Ligature Formulas and Ornamental Design Elements amidst the Incunaboli denoted Through ReferencesNumber4B3And4C2 requires scrutiny employing precise graphical representations juxtaposed with thorough ancillary commentaries derived from relevant Archive Records. Given existing constraints prevent immediate execution of such study, theoretical engagement proceeds assuming availability of adequately equipped illustrative samples paired with extensive metadata describing observed variance. Should concrete exemplars become accessible, methodology conducive to qualitative assessment capable of isolating disparities representative of divergent typographic expressions characteristic of specified references shall subsequently facilitate substantive interpretation grounded firmly upon factual basis extracted from primary sources. Until such condition prevails, recognition accorded to Typescript Emblems Embossed Via DocumentReferenceNumbers4B3And4C2 suffices largely as abstract pointers hinting indirect
2025-11-26 14:08:09,352 - INFO - Time elapsed: 407.251 seconds

2025-11-26 14:08:09,352 - INFO - RAG agent time for 4 queries: 1267.123s, avg: 316.781s


